---
source: tests/snapshot_provider_test.rs
assertion_line: 123
expression: svg_content
---
<svg width="800" height="480" font-family="Roboto, sans-serif" xmlns="http://www.w3.org/2000/svg">

    <!-- tspan doesn't work well with the degree symbol ° for some fonts!-->
    <!-- Avoid using tspan with text-anchor, `dx` or `dy`, resvg doesn't handle it properly -->
    <!-- see https://github.com/linebender/resvg/issues/583 -->

    <defs>
        <linearGradient id="fillGradient" x1="0%" y1="100%" x2="0%" y2="0%">
            <stop offset="0%" stop-color="blue" stop-opacity="0.5" />
            <stop offset="100%" stop-color="blue" stop-opacity="0.1" />
        </linearGradient>
        <pattern id="dots" patternUnits="userSpaceOnUse" width="10" height="10">
            <circle cx="5" cy="5" r="2" fill="blue" />
        </pattern>
        <pattern id="grid" patternUnits="userSpaceOnUse" width="10" height="10">
            <path d="M 10 0 L 0 0 0 10" fill="none" stroke="blue" stroke-width="1" />
        </pattern>
        <pattern id="diagonal-lines" patternUnits="userSpaceOnUse" width="10" height="10">
            <path d="M 0 10 L 10 0" stroke="blue" stroke-width="2" />
        </pattern>
        <pattern id="crosshatch" patternUnits="userSpaceOnUse" width="10" height="10">
            <path d="M 0 0 L 10 10 M 10 0 L 0 10" stroke="blue" stroke-width="1" />
        </pattern>
    </defs>

    <rect width="100%" height="100%" fill="white" />

    <!-- Current Day Information -->
    <!-- Due to resvg bug, the position is intentionally off to compensate for the bug -->
    <!-- Do not modify the x position of current_hour_temp and current_hour_feels_like, see above issue at the start of the file -->
    <text x="270" y="50" font-size="35" fill="black">Friday, 10 October </text>
    <image x="0" y="0" width="200" height="180" href="static/fill-svg-static/moon-waning-crescent.svg" />


    <!-- Current temperature and Feels Like temperature -->
    <text x="266" y="128" font-size="70" fill="red" text-anchor="middle">
        20
        <tspan baseline-shift="27" dx="-20" font-size="33">°C</tspan>
    </text>

    <text x="246" y="158" text-anchor="middle" font-size="18" fill="black">
        <tspan>Feels</tspan>
        <tspan dy="15.5" dx="-46.6">Like</tspan>
        <tspan font-family="Roboto-Regular-Dashed" dominant-baseline="middle" font-size="55" fill="green"
            dx="10" dy="-7">
            14
            <tspan baseline-shift="12" dx="-15" font-size="30">°</tspan>
        </tspan>
    </text>

    <!-- Warning Message -->
    <svg x="580" y="0" width="200" height="100" text-anchor="middle" visibility="visible">
        <image x="63" y="-10" width="74" height="74" href="static/fill-svg-static/code-yellow.svg" />
        <text x="100" y="60" width="200" font-size="12">
            Incomplete Data
        </text>
    </svg>

    <!-- Sunset/Sunrise Information -->
    <svg x="30" y="150">
        <image x="0" y="0" width="75" height="75" href="static/fill-svg-static/sunrise.svg" />
        <text x="12" y="70" text-anchor="start" font-size="20" fill="black">NA</text>

        <image x="70" y="0" width="75" height="75" href="static/fill-svg-static/sunset.svg" />
        <text x="83" y="70" text-anchor="start" font-size="20" fill="black">NA</text>
    </svg>

    <g transform="translate(-15, 0)">

        <!-- vertical lines with artistic variations -->
        <svg class="line">
            <path d="M95 240 C90 220, 95 320, 95 470" />
            <path d="M150 240 C155 220, 145 320, 150 470" />

            <!-- horizontal lines with artistic variations -->
            <path d="M40 260 C150 261, 250 258, 185 260" />
            <path d="M40 330 C150 325, 250 335, 185 330" />
            <path d="M40 400 C150 402, 250 399, 185 400" />
        </svg>

        <!-- row header-->
        <svg x="15" y="210" label="UV-index" text-anchor="start">
            <text x="16" y="43.5" fill="black" font-size="20">Metric
            </text>

            <text x="85" y="43.5" fill="black" font-size="20">Now
            </text>
            <text x="140" y="43.5" fill="black" font-size="20">Max
                <tspan baseline-shift="super" font-size="17" dx="-3">24h</tspan>
            </text>
        </svg>

        <!-- UV Index -->
        <svg x="20" y="260" label="UV-index" text-anchor="middle">
            <image width="75" height="75" href="static/fill-svg-static/uv-index-low.svg" />
            <text x="100" y="45.5" font-size="30" fill="black">2
            </text>
            <text x="155" y="45.5" font-size="30" fill="black"
                font-style="normal">5
            </text>
        </svg>

        <!-- Wind Information -->
        <svg x="20" y="330" label="wind" text-anchor="middle">
            <text x="42.2" y="66.2" fill="black" font-size="15.1" text-anchor="middle">
                km/h
            </text>
            <image width="75" height="75" href="static/fill-svg-static/umbrella-wind.svg" />
            <text x="100" y="45.5" font-size="30" fill="black">32
            </text>
            <text x="155" y="45.5" font-size="30" fill="black"
                font-style="normal">32
            </text>
        </svg>

        <!-- Relative Humidity -->
        <svg x="20" y="400" label="relative_humidity" text-anchor="middle">
            <image width="75" height="75" href="static/fill-svg-static/humidity-plus.svg" />
            <text x="100" y="45.5" font-size="30" fill="black">42
            </text>
            <text x="155" y="45.5" font-size="30" fill="black"
                font-style="normal">42
            </text>
        </svg>
    </g>


    <!-- Forecast for the next 6 days -->
    <svg x="292" y="30">
        <text x="50" y="65" text-anchor="middle" font-size="20" fill="black">Sun</text>
        <image x="12" y="50" width="75" height="100" href="static/fill-svg-static/overcast-day.svg" />
        <text y="155" font-size="20" fill="black">
            <tspan x="52" text-anchor="end">20°</tspan>
            <tspan x="52" text-anchor="middle">|</tspan>
            <tspan x="52" text-anchor="start">10°</tspan>
        </text>
    </svg>

    <svg x="373" y="30">
        <text x="50" y="65" text-anchor="middle" font-size="20" fill="black">Mon</text>
        <image x="12" y="50" width="75" height="100" href="static/fill-svg-static/clear-day.svg" />
        <text y="155" font-size="20" fill="black">
            <tspan x="52" text-anchor="end">20°</tspan>
            <tspan x="52" text-anchor="middle">|</tspan>
            <tspan x="52" text-anchor="start">6°</tspan>
        </text>
    </svg>

    <svg x="454" y="30">
        <text x="50" y="65" text-anchor="middle" font-size="20" fill="black">NA</text>
        <image x="12" y="50" width="75" height="100" href="tests/fixtures/not-available.svg" />
        <text y="155" font-size="20" fill="black">
            <tspan x="52" text-anchor="end">NA°</tspan>
            <tspan x="52" text-anchor="middle">|</tspan>
            <tspan x="52" text-anchor="start">NA°</tspan>
        </text>
    </svg>

    <svg x="535" y="30">
        <text x="50" y="65" text-anchor="middle" font-size="20" fill="black">NA</text>
        <image x="12" y="50" width="75" height="100" href="tests/fixtures/not-available.svg" />
        <text y="155" font-size="20" fill="black">
            <tspan x="52" text-anchor="end">NA°</tspan>
            <tspan x="52" text-anchor="middle">|</tspan>
            <tspan x="52" text-anchor="start">NA°</tspan>
        </text>
    </svg>

    <svg x="616" y="30">
        <text x="50" y="65" text-anchor="middle" font-size="20" fill="black">NA</text>
        <image x="12" y="50" width="75" height="100" href="tests/fixtures/not-available.svg" />
        <text y="155" font-size="20" fill="black">
            <tspan x="52" text-anchor="end">NA°</tspan>
            <tspan x="52" text-anchor="middle">|</tspan>
            <tspan x="52" text-anchor="start">NA°</tspan>
        </text>
    </svg>

    <svg x="697" y="30">
        <text x="50" y="65" text-anchor="middle" font-size="20" fill="black">NA</text>
        <image x="12" y="50" width="75" height="100" href="tests/fixtures/not-available.svg" />
        <text y="155" font-size="20" fill="black">
            <tspan x="52" text-anchor="end">NA°</tspan>
            <tspan x="52" text-anchor="middle">|</tspan>
            <tspan x="52" text-anchor="start">NA°</tspan>
        </text>
    </svg>

    <!-- Graph for hourly forecast -->
    <svg x="220" y="160" width="560" height="350" viewBox="-50 0 690 300" preserveAspectRatio="xMidYMid meet"
        style="overflow: visible;">
        <path stroke="black" stroke-linejoin="round" stroke-width="2" d="M 0 300 L 600 300 M 0 295 L 0 305 M 100 295 L 100 305 M 200 295 L 200 305 M 300 295 L 300 305 M 400 295 L 400 305 M 500 295 L 500 305" fill="none" />
        <!-- X axis Guidelines -->
        <path stroke="black" stroke-linejoin="round" stroke-width="1" d="M 0 300 L 600 300 M 0 300 v -300 m 0 2 v -2 M 100 300 v -300 m 0 2 v -2 M 200 300 v -300 m 0 2 v -2 M 300 300 v -300 m 0 2 v -2 M 400 300 v -300 m 0 2 v -2 M 500 300 v -300 m 0 2 v -2" fill="none"
            stroke-dasharray="5,10" />
        <!-- X Labels -->
        <text x="0" y="320" fill="black" font-size="19" text-anchor="middle">12pm</text><text x="100" y="320" fill="black" font-size="19" text-anchor="middle">0pm</text><text x="200" y="320" fill="black" font-size="19" text-anchor="middle">1pm</text><text x="300" y="320" fill="black" font-size="19" text-anchor="middle">2pm</text><text x="400" y="320" fill="black" font-size="19" text-anchor="middle">2pm</text><text x="500" y="320" fill="black" font-size="19" text-anchor="middle">2pm</text><line x1="2400" y1="0" x2="2400" y2="300" stroke="black" stroke-width="2" stroke-dasharray="3,3" />
                   <text x="2410" y="170" fill="black" font-size="19" font-style="italic"  transform="rotate(-90, 2380, 135)" text-anchor="start">Saturday</text>
        <!-- Y Labels -->
        <text x="-10" y="300"  fill="black" font-size="35" text-anchor="end" dx="8" dy="4">14°</text><text x="-10" y="240.00002"  fill="black" font-size="19" text-anchor="end" dx="8" dy="4">15.6°</text><text x="-10" y="180"  fill="black" font-size="19" text-anchor="end" dx="8" dy="4">17.1°</text><text x="-10" y="119.99997"  fill="black" font-size="19" text-anchor="end" dx="8" dy="4">18.5°</text><text x="-10" y="60.000015"  fill="black" font-size="19" text-anchor="end" dx="8" dy="4">20.0°</text><text x="-10" y="0"  fill="black" font-size="35" text-anchor="end" dx="8" dy="4">21°</text>
        <!-- Y right Labels -->
        <text x="610" y="300" fill="black"  font-size="19" text-anchor="start" dy="4">0%</text><text x="610" y="240" fill="black"  font-size="19" text-anchor="start" dy="4">20%</text><text x="610" y="180" fill="black"  font-size="19" text-anchor="start" dy="4">40%</text><text x="610" y="120" fill="black"  font-size="19" text-anchor="start" dy="4">60%</text><text x="610" y="60" fill="black"  font-size="19" text-anchor="start" dy="4">80%</text><text x="610" y="0" fill="black"  font-size="19" text-anchor="start" dy="4">100%</text>
        <path stroke="red" stroke-linejoin="round" transform="translate(0, 300) scale(1, -1)"
            d="M 0.0000 230.5556C 400.0000 270.8333, 550.0000 293.0555, 600.0000 300.0000" stroke-width="3.0" fill="none" />
        <path stroke="green" stroke-linejoin="round" stroke-dasharray="5,5"
            transform="translate(0, 300) scale(1, -1)" d="M 0.0000 4.1667C 400.0000 36.8056, 550.0000 63.1944, 600.0000 70.8333" stroke-width="3.0" fill="none" />
        <path transform="translate(0, 300) scale(1, -1)" d="M 0.0000 15.0000L 300 30L 600 90 L 600 0 L 0 0Z" fill="blue"
            fill-opacity="25%" />
        <defs>
            <linearGradient id="UVGradient" gradientUnits="objectBoundingBox" x1="0%" y1="0%" x2="100%" y2="0%">
                <stop offset="0.00%" stop-color="green"/><stop offset="4.35%" stop-color="yellow"/><stop offset="8.70%" stop-color="yellow"/><stop offset="13.04%" stop-color="white"/><stop offset="17.39%" stop-color="white"/><stop offset="21.74%" stop-color="white"/><stop offset="26.09%" stop-color="white"/><stop offset="30.43%" stop-color="white"/><stop offset="34.78%" stop-color="white"/><stop offset="39.13%" stop-color="white"/><stop offset="43.48%" stop-color="white"/><stop offset="47.83%" stop-color="white"/><stop offset="52.17%" stop-color="white"/><stop offset="56.52%" stop-color="white"/><stop offset="60.87%" stop-color="white"/><stop offset="65.22%" stop-color="white"/><stop offset="69.57%" stop-color="white"/><stop offset="73.91%" stop-color="white"/><stop offset="78.26%" stop-color="white"/><stop offset="82.61%" stop-color="white"/><stop offset="86.96%" stop-color="white"/><stop offset="91.30%" stop-color="white"/><stop offset="95.65%" stop-color="white"/><stop offset="100.00%" stop-color="white"/>
            </linearGradient>
        </defs>
        <rect x="0" y="-14" width="600" height="8" fill="url(#UVGradient)" />
        <path stroke="black" stroke-linejoin="round" stroke-width="2" d="M 0 300 L 600 300 M 0 295 L 0 305 M 100 295 L 100 305 M 200 295 L 200 305 M 300 295 L 300 305 M 400 295 L 400 305 M 500 295 L 500 305" fill="none" />
        <path stroke="red" stroke-linejoin="round" stroke-width="2" d="M 0 0 L 0 300 M -5 300 L 5 300 M -5 240.00002 L 5 240.00002 M -5 180 L 5 180 M -5 119.99997 L 5 119.99997 M -5 60.000015 L 5 60.000015 M -5 0 L 5 0" />
        <path stroke="blue" stroke-linejoin="round" stroke-width="3" d="M 600 0 L 600 300 M 595 300 L 605 300 M 595 240 L 605 240 M 595 180 L 605 180 M 595 120 L 605 120 M 595 60 L 605 60 M 595 0 L 605 0"
            fill="none" />
    </svg>
    <!-- These are needed render svg in browser/ide -->
    <style>
        @font-face {
            font-family: 'Roboto';
            src: url('static/fonts/Roboto-Regular.ttf') format('truetype');
        }

        @font-face { 
            font-family: 'Roboto-Regular-Dashed';
            src: url('static/fonts/Roboto-Regular-Dashed.ttf') format('truetype');
        }

        .line { 
            stroke: black;
            stroke-width: 2;
            stroke-linecap: round;
            stroke-linejoin: round;
        }
    </style>
</svg>
