---
source: tests/snapshot_provider_test.rs
assertion_line: 213
expression: svg_content
---
<svg width="800" height="480" font-family="Roboto, sans-serif" xmlns="http://www.w3.org/2000/svg">

    <!-- tspan doesn't work well with the degree symbol ° for some fonts!-->
    <!-- Avoid using tspan with text-anchor, `dx` or `dy`, resvg doesn't handle it properly -->
    <!-- see https://github.com/linebender/resvg/issues/583 -->

    <defs>
        <linearGradient id="fillGradient" x1="0%" y1="100%" x2="0%" y2="0%">
            <stop offset="0%" stop-color="blue" stop-opacity="0.5" />
            <stop offset="100%" stop-color="blue" stop-opacity="0.1" />
        </linearGradient>
        <pattern id="dots" patternUnits="userSpaceOnUse" width="10" height="10">
            <circle cx="5" cy="5" r="2" fill="blue" />
        </pattern>
        <pattern id="grid" patternUnits="userSpaceOnUse" width="10" height="10">
            <path d="M 10 0 L 0 0 0 10" fill="none" stroke="blue" stroke-width="1" />
        </pattern>
        <pattern id="diagonal-lines" patternUnits="userSpaceOnUse" width="10" height="10">
            <path d="M 0 10 L 10 0" stroke="blue" stroke-width="2" />
        </pattern>
        <pattern id="crosshatch" patternUnits="userSpaceOnUse" width="10" height="10">
            <path d="M 0 0 L 10 10 M 10 0 L 0 10" stroke="blue" stroke-width="1" />
        </pattern>
    </defs>

    <rect width="100%" height="100%" fill="white" />

    <!-- Current Day Information -->
    <!-- Due to resvg bug, the position is intentionally off to compensate for the bug -->
    <!-- Do not modify the x position of current_hour_temp and current_hour_feels_like, see above issue at the start of the file -->
    <text x="270" y="50" font-size="35" fill="black">Saturday, 25 October </text>
    <image x="0" y="0" width="200" height="180" href="static/fill-svg-static/partly-cloudy-night-drizzle.svg" />


    <!-- Current temperature and Feels Like temperature -->
    <text x="266" y="128" font-size="70" fill="red" text-anchor="middle">
        17
        <tspan baseline-shift="27" dx="-20" font-size="33">°C</tspan>
    </text>

    <text x="246" y="158" text-anchor="middle" font-size="18" fill="black">
        <tspan>Feels</tspan>
        <tspan dy="15.5" dx="-46.6">Like</tspan>
        <tspan font-family="Roboto-Regular-Dashed" dominant-baseline="middle" font-size="55" fill="green"
            dx="10" dy="-7">
            15
            <tspan baseline-shift="12" dx="-15" font-size="30">°</tspan>
        </tspan>
    </text>

    <!-- Diagnostic Message -->
    <svg x="580" y="0" width="200" height="100" text-anchor="middle" visibility="hidden">
        <!-- Cascading diagnostic icons (stacked by priority) -->
        
        <!-- Message for highest priority error only -->
        <text x="100" y="60" width="200" font-size="12">
            NA
        </text>
    </svg>

    <!-- Sunset/Sunrise Information -->
    <svg x="30" y="150">
        <image x="0" y="0" width="75" height="75" href="static/fill-svg-static/sunrise.svg" />
        <text x="12" y="70" text-anchor="start" font-size="20" fill="black">06:23</text>

        <image x="70" y="0" width="75" height="75" href="static/fill-svg-static/sunset.svg" />
        <text x="83" y="70" text-anchor="start" font-size="20" fill="black">19:47</text>
    </svg>

    <g transform="translate(-15, 0)">

        <!-- vertical lines with artistic variations -->
        <svg class="line">
            <path d="M95 240 C90 220, 95 320, 95 470" />
            <path d="M150 240 C155 220, 145 320, 150 470" />

            <!-- horizontal lines with artistic variations -->
            <path d="M40 260 C150 261, 250 258, 185 260" />
            <path d="M40 330 C150 325, 250 335, 185 330" />
            <path d="M40 400 C150 402, 250 399, 185 400" />
        </svg>

        <!-- row header-->
        <svg x="15" y="210" label="UV-index" text-anchor="start">
            <text x="16" y="43.5" fill="black" font-size="20">Metric
            </text>

            <text x="85" y="43.5" fill="black" font-size="20">Now
            </text>
            <text x="140" y="43.5" fill="black" font-size="20">Max
                <tspan baseline-shift="super" font-size="17" dx="-3">24h</tspan>
            </text>
        </svg>

        <!-- UV Index -->
        <svg x="20" y="260" label="UV-index" text-anchor="middle">
            <image width="75" height="75" href="static/fill-svg-static/uv-index-none.svg" />
            <text x="100" y="45.5" font-size="30" fill="black">0
            </text>
            <text x="155" y="45.5" font-size="30" fill="black"
                font-style="italic">6
            </text>
        </svg>

        <!-- Wind Information -->
        <svg x="20" y="330" label="wind" text-anchor="middle">
            <text x="42.2" y="66.2" fill="black" font-size="15.1" text-anchor="middle">
                km/h
            </text>
            <image width="75" height="75" href="static/fill-svg-static/wind.svg" />
            <text x="100" y="45.5" font-size="30" fill="black">9
            </text>
            <text x="155" y="45.5" font-size="30" fill="black"
                font-style="italic">17
            </text>
        </svg>

        <!-- Relative Humidity -->
        <svg x="20" y="400" label="relative_humidity" text-anchor="middle">
            <image width="75" height="75" href="static/fill-svg-static/humidity-plus.svg" />
            <text x="100" y="45.5" font-size="30" fill="black">64
            </text>
            <text x="155" y="45.5" font-size="30" fill="black"
                font-style="italic">85
            </text>
        </svg>
    </g>


    <!-- Forecast for the next 6 days -->
    <svg x="292" y="30">
        <text x="50" y="65" text-anchor="middle" font-size="20" fill="black">Sun</text>
        <image x="12" y="50" width="75" height="100" href="static/fill-svg-static/extreme-day-drizzle.svg" />
        <text y="155" font-size="20" fill="black">
            <tspan x="52" text-anchor="end">21°</tspan>
            <tspan x="52" text-anchor="middle">|</tspan>
            <tspan x="52" text-anchor="start">13°</tspan>
        </text>
    </svg>

    <svg x="373" y="30">
        <text x="50" y="65" text-anchor="middle" font-size="20" fill="black">Mon</text>
        <image x="12" y="50" width="75" height="100" href="static/fill-svg-static/overcast-day.svg" />
        <text y="155" font-size="20" fill="black">
            <tspan x="52" text-anchor="end">15°</tspan>
            <tspan x="52" text-anchor="middle">|</tspan>
            <tspan x="52" text-anchor="start">11°</tspan>
        </text>
    </svg>

    <svg x="454" y="30">
        <text x="50" y="65" text-anchor="middle" font-size="20" fill="black">Tue</text>
        <image x="12" y="50" width="75" height="100" href="static/fill-svg-static/clear-day.svg" />
        <text y="155" font-size="20" fill="black">
            <tspan x="52" text-anchor="end">19°</tspan>
            <tspan x="52" text-anchor="middle">|</tspan>
            <tspan x="52" text-anchor="start">6°</tspan>
        </text>
    </svg>

    <svg x="535" y="30">
        <text x="50" y="65" text-anchor="middle" font-size="20" fill="black">Wed</text>
        <image x="12" y="50" width="75" height="100" href="static/fill-svg-static/clear-day.svg" />
        <text y="155" font-size="20" fill="black">
            <tspan x="52" text-anchor="end">21°</tspan>
            <tspan x="52" text-anchor="middle">|</tspan>
            <tspan x="52" text-anchor="start">8°</tspan>
        </text>
    </svg>

    <svg x="616" y="30">
        <text x="50" y="65" text-anchor="middle" font-size="20" fill="black">Thu</text>
        <image x="12" y="50" width="75" height="100" href="static/fill-svg-static/clear-day.svg" />
        <text y="155" font-size="20" fill="black">
            <tspan x="52" text-anchor="end">23°</tspan>
            <tspan x="52" text-anchor="middle">|</tspan>
            <tspan x="52" text-anchor="start">11°</tspan>
        </text>
    </svg>

    <svg x="697" y="30">
        <text x="50" y="65" text-anchor="middle" font-size="20" fill="black">Fri</text>
        <image x="12" y="50" width="75" height="100" href="static/fill-svg-static/overcast-day.svg" />
        <text y="155" font-size="20" fill="black">
            <tspan x="52" text-anchor="end">27°</tspan>
            <tspan x="52" text-anchor="middle">|</tspan>
            <tspan x="52" text-anchor="start">15°</tspan>
        </text>
    </svg>

    <!-- Graph for hourly forecast -->
    <svg x="220" y="160" width="560" height="350" viewBox="-50 0 690 300" preserveAspectRatio="xMidYMid meet"
        style="overflow: visible;">
        <path stroke="black" stroke-linejoin="round" stroke-width="2" d="M 0 300 L 600 300 M 0 295 L 0 305 M 100 295 L 100 305 M 200 295 L 200 305 M 300 295 L 300 305 M 400 295 L 400 305 M 500 295 L 500 305 M 600 295 L 600 305" fill="none" />
        <!-- X axis Guidelines -->
        <path stroke="black" stroke-linejoin="round" stroke-width="1" d="M 0 300 L 600 300 M 0 300 v -300 m 0 2 v -2 M 100 300 v -300 m 0 2 v -2 M 200 300 v -300 m 0 2 v -2 M 300 300 v -300 m 0 2 v -2 M 400 300 v -300 m 0 2 v -2 M 500 300 v -300 m 0 2 v -2 M 600 300 v -300 m 0 2 v -2" fill="none"
            stroke-dasharray="5,10" />
        <!-- X Labels -->
        <text x="0" y="320" fill="black" font-size="19" text-anchor="middle">10pm</text><text x="100" y="320" fill="black" font-size="19" text-anchor="middle">2am</text><text x="200" y="320" fill="black" font-size="19" text-anchor="middle">6am</text><text x="300" y="320" fill="black" font-size="19" text-anchor="middle">10am</text><text x="400" y="320" fill="black" font-size="19" text-anchor="middle">2pm</text><text x="500" y="320" fill="black" font-size="19" text-anchor="middle">6pm</text><text x="600" y="320" fill="black" font-size="19" text-anchor="middle">10pm</text><line x1="50" y1="0" x2="50" y2="300" stroke="black" stroke-width="2" stroke-dasharray="3,3" />
                   <text x="60" y="170" fill="black" font-size="19" font-style="italic"  transform="rotate(-90, 30, 135)" text-anchor="start">Sunday</text>
        <!-- Y Labels -->
        <text x="-10" y="300"  fill="black" font-size="35" text-anchor="end" dx="8" dy="4">12°</text><text x="-10" y="240"  fill="black" font-size="19" text-anchor="end" dx="8" dy="4">13.8°</text><text x="-10" y="180"  fill="black" font-size="19" text-anchor="end" dx="8" dy="4">15.6°</text><text x="-10" y="120.000015"  fill="black" font-size="19" text-anchor="end" dx="8" dy="4">17.4°</text><text x="-10" y="59.999985"  fill="black" font-size="19" text-anchor="end" dx="8" dy="4">19.2°</text><text x="-10" y="0"  fill="black" font-size="35" text-anchor="end" dx="8" dy="4">21°</text>
        <!-- Y right Labels -->
        <text x="610" y="300" fill="black"  font-size="19" text-anchor="start" dy="4">0%</text><text x="610" y="240" fill="black"  font-size="19" text-anchor="start" dy="4">20%</text><text x="610" y="180" fill="black"  font-size="19" text-anchor="start" dy="4">40%</text><text x="610" y="120" fill="black"  font-size="19" text-anchor="start" dy="4">60%</text><text x="610" y="60" fill="black"  font-size="19" text-anchor="start" dy="4">80%</text><text x="610" y="0" fill="black"  font-size="19" text-anchor="start" dy="4">100%</text>
        <path stroke="red" stroke-linejoin="round" transform="translate(0, 300) scale(1, -1)"
            d="M 0.0000 161.1111C 34.7826 122.2222, 43.4783 105.5555, 52.1739 100.0000C 60.8696 94.4445, 69.5652 105.5555, 78.2609 100.0000C 86.9565 94.4445, 95.6522 72.2222, 104.3478 66.6667C 113.0435 61.1111, 121.7391 72.2222, 130.4348 66.6667C 139.1304 61.1111, 147.8261 33.3333, 156.5217 33.3333C 165.2174 33.3333, 173.9130 61.1111, 182.6087 66.6667C 191.3043 72.2222, 200.0000 66.6667, 208.6956 66.6667C 217.3913 66.6667, 226.0870 61.1111, 234.7826 66.6667C 243.4783 72.2222, 252.1739 83.3333, 260.8696 100.0000C 269.5652 116.6667, 278.2609 150.0000, 286.9565 166.6667C 295.6521 183.3333, 304.3478 188.8889, 313.0435 200.0000C 321.7391 211.1111, 330.4348 227.7778, 339.1304 233.3333C 347.8261 238.8889, 356.5217 233.3333, 365.2174 233.3333C 373.9131 233.3333, 382.6087 227.7778, 391.3044 233.3333C 400.0000 238.8889, 408.6956 255.5556, 417.3913 266.6667C 426.0869 277.7778, 434.7826 294.4445, 443.4782 300.0000C 452.1739 305.5556, 460.8696 305.5556, 469.5652 300.0000C 478.2609 294.4444, 486.9565 277.7778, 495.6522 266.6667C 504.3478 255.5556, 513.0435 244.4444, 521.7391 233.3333C 530.4348 222.2222, 539.1304 211.1111, 547.8260 200.0000C 556.5217 188.8889, 565.2173 177.7778, 573.9130 166.6667C 582.6086 155.5555, 595.6522 138.8889, 600.0000 133.3333" stroke-width="3.0" fill="none" />
        <path stroke="green" stroke-linejoin="round" stroke-dasharray="5,5"
            transform="translate(0, 300) scale(1, -1)" d="M 0.0000 94.4445C 34.7826 61.1111, 43.4783 72.2222, 52.1739 66.6667C 60.8696 61.1111, 69.5652 38.8889, 78.2609 33.3333C 86.9565 27.7778, 95.6522 33.3333, 104.3478 33.3333C 113.0435 33.3333, 121.7391 38.8889, 130.4348 33.3333C 139.1304 27.7778, 147.8261 5.5556, 156.5217 0.0000C 165.2174 -5.5556, 173.9130 0.0000, 182.6087 0.0000C 191.3043 0.0000, 200.0000 -5.5556, 208.6956 0.0000C 217.3913 5.5556, 226.0870 27.7778, 234.7826 33.3333C 243.4783 38.8889, 252.1739 22.2222, 260.8696 33.3333C 269.5652 44.4444, 278.2609 83.3333, 286.9565 100.0000C 295.6521 116.6667, 304.3478 122.2222, 313.0435 133.3333C 321.7391 144.4444, 330.4348 155.5555, 339.1304 166.6667C 347.8261 177.7778, 356.5217 194.4444, 365.2174 200.0000C 373.9131 205.5556, 382.6087 194.4444, 391.3044 200.0000C 400.0000 205.5556, 408.6956 227.7778, 417.3913 233.3333C 426.0869 238.8889, 434.7826 233.3333, 443.4782 233.3333C 452.1739 233.3333, 460.8696 233.3333, 469.5652 233.3333C 478.2609 233.3333, 486.9565 244.4445, 495.6522 233.3333C 504.3478 222.2222, 513.0435 188.8889, 521.7391 166.6667C 530.4348 144.4444, 539.1304 111.1111, 547.8260 100.0000C 556.5217 88.8889, 565.2173 105.5555, 573.9130 100.0000C 582.6086 94.4445, 595.6522 72.2222, 600.0000 66.6667" stroke-width="3.0" fill="none" />
        <path transform="translate(0, 300) scale(1, -1)" d="M 0.0000 90.0000L 26.086956 150L 52.173912 150L 78.260864 150L 104.347824 210L 130.43478 210L 156.52173 210L 182.60869 180L 208.69565 180L 234.78261 180L 260.86957 210L 286.9565 210L 313.04346 210L 339.13043 180L 365.21738 180L 391.30435 180L 417.3913 210L 443.47824 210L 469.56522 210L 495.65216 210L 521.73914 210L 547.82605 210L 573.913 120L 600 120 L 600 0 L 0 0Z" fill="blue"
            fill-opacity="25%" />
        <defs>
            <linearGradient id="UVGradient" gradientUnits="objectBoundingBox" x1="0%" y1="0%" x2="100%" y2="0%">
                <stop offset="0.00%" stop-color="white"/><stop offset="4.35%" stop-color="white"/><stop offset="8.70%" stop-color="white"/><stop offset="13.04%" stop-color="white"/><stop offset="17.39%" stop-color="white"/><stop offset="21.74%" stop-color="white"/><stop offset="26.09%" stop-color="white"/><stop offset="30.43%" stop-color="white"/><stop offset="34.78%" stop-color="white"/><stop offset="39.13%" stop-color="white"/><stop offset="43.48%" stop-color="green"/><stop offset="47.83%" stop-color="green"/><stop offset="52.17%" stop-color="green"/><stop offset="56.52%" stop-color="yellow"/><stop offset="60.87%" stop-color="yellow"/><stop offset="65.22%" stop-color="yellow"/><stop offset="69.57%" stop-color="orange"/><stop offset="73.91%" stop-color="orange"/><stop offset="78.26%" stop-color="orange"/><stop offset="82.61%" stop-color="green"/><stop offset="86.96%" stop-color="green"/><stop offset="91.30%" stop-color="green"/><stop offset="95.65%" stop-color="white"/><stop offset="100.00%" stop-color="white"/>
            </linearGradient>
        </defs>
        <rect x="0" y="-14" width="600" height="8" fill="url(#UVGradient)" />
        <path stroke="black" stroke-linejoin="round" stroke-width="2" d="M 0 300 L 600 300 M 0 295 L 0 305 M 100 295 L 100 305 M 200 295 L 200 305 M 300 295 L 300 305 M 400 295 L 400 305 M 500 295 L 500 305 M 600 295 L 600 305" fill="none" />
        <path stroke="red" stroke-linejoin="round" stroke-width="2" d="M 0 0 L 0 300 M -5 300 L 5 300 M -5 240 L 5 240 M -5 180 L 5 180 M -5 120.000015 L 5 120.000015 M -5 59.999985 L 5 59.999985 M -5 0 L 5 0" />
        <path stroke="blue" stroke-linejoin="round" stroke-width="3" d="M 600 0 L 600 300 M 595 300 L 605 300 M 595 240 L 605 240 M 595 180 L 605 180 M 595 120 L 605 120 M 595 60 L 605 60 M 595 0 L 605 0"
            fill="none" />
    </svg>
    <!-- These are needed render svg in browser/ide -->
    <style>
        @font-face {
            font-family: 'Roboto';
            src: url('static/fonts/Roboto-Regular.ttf') format('truetype');
        }

        @font-face {
            font-family: 'Roboto-Regular-Dashed';
            src: url('static/fonts/Roboto-Regular-Dashed.ttf') format('truetype');
        }

        .line {
            stroke: black;
            stroke-width: 2;
            stroke-linecap: round;
            stroke-linejoin: round;
        }
    </style>
</svg>
