---
source: tests/snapshot_provider_test.rs
expression: svg_content
---
<svg width="800" height="480" font-family="Roboto, sans-serif" xmlns="http://www.w3.org/2000/svg">

    <!-- tspan doesn't work well with the degree symbol ° for some fonts!-->
    <!-- Avoid using tspan with text-anchor, `dx` or `dy`, resvg doesn't handle it properly -->
    <!-- see https://github.com/linebender/resvg/issues/583 -->

    <defs>
        <linearGradient id="fillGradient" x1="0%" y1="100%" x2="0%" y2="0%">
            <stop offset="0%" stop-color="blue" stop-opacity="0.5" />
            <stop offset="100%" stop-color="blue" stop-opacity="0.1" />
        </linearGradient>
        <pattern id="dots" patternUnits="userSpaceOnUse" width="10" height="10">
            <circle cx="5" cy="5" r="2" fill="blue" />
        </pattern>
        <pattern id="grid" patternUnits="userSpaceOnUse" width="10" height="10">
            <path d="M 10 0 L 0 0 0 10" fill="none" stroke="blue" stroke-width="1" />
        </pattern>
        <pattern id="diagonal-lines" patternUnits="userSpaceOnUse" width="10" height="10">
            <path d="M 0 10 L 10 0" stroke="blue" stroke-width="2" />
        </pattern>
        <pattern id="crosshatch" patternUnits="userSpaceOnUse" width="10" height="10">
            <path d="M 0 0 L 10 10 M 10 0 L 0 10" stroke="blue" stroke-width="1" />
        </pattern>
    </defs>

    <rect width="100%" height="100%" fill="white" />

    <!-- Current Day Information -->
    <!-- Due to resvg bug, the position is intentionally off to compensate for the bug -->
    <!-- Do not modify the x position of current_hour_temp and current_hour_feels_like, see above issue at the start of the file -->
    <text x="270" y="50" font-size="35" fill="black">Sunday, 26 October </text>
    <image x="0" y="0" width="200" height="180" href="static/fill-svg-static/overcast-day-rain.svg" />


    <!-- Current temperature and Feels Like temperature -->
    <text x="266" y="128" font-size="70" fill="red" text-anchor="middle">
        19
        <tspan baseline-shift="27" dx="-20" font-size="33">°C</tspan>
    </text>

    <text x="246" y="158" text-anchor="middle" font-size="18" fill="black">
        <tspan>Feels</tspan>
        <tspan dy="15.5" dx="-46.6">Like</tspan>
        <tspan font-family="Roboto-Regular-Dashed" dominant-baseline="middle" font-size="55" fill="green"
            dx="10" dy="-7">
            17
            <tspan baseline-shift="12" dx="-15" font-size="30">°</tspan>
        </tspan>
    </text>

    <!-- Diagnostic Message -->
    <svg x="580" y="0" width="200" height="100" text-anchor="middle" visibility="hidden">
        <!-- Cascading diagnostic icons (stacked by priority) -->
        
        <!-- Message for highest priority error only -->
        <text x="100" y="60" width="200" font-size="12">
            NA
        </text>
    </svg>

    <!-- Sunset/Sunrise Information -->
    <svg x="30" y="150">
        <image x="0" y="0" width="75" height="75" href="static/fill-svg-static/sunrise.svg" />
        <text x="12" y="70" text-anchor="start" font-size="20" fill="black">06:21</text>

        <image x="70" y="0" width="75" height="75" href="static/fill-svg-static/sunset.svg" />
        <text x="83" y="70" text-anchor="start" font-size="20" fill="black">19:48</text>
    </svg>

    <g transform="translate(-15, 0)">

        <!-- vertical lines with artistic variations -->
        <svg class="line">
            <path d="M95 240 C90 220, 95 320, 95 470" />
            <path d="M150 240 C155 220, 145 320, 150 470" />

            <!-- horizontal lines with artistic variations -->
            <path d="M40 260 C150 261, 250 258, 185 260" />
            <path d="M40 330 C150 325, 250 335, 185 330" />
            <path d="M40 400 C150 402, 250 399, 185 400" />
        </svg>

        <!-- row header-->
        <svg x="15" y="210" label="UV-index" text-anchor="start">
            <text x="16" y="43.5" fill="black" font-size="20">Metric
            </text>

            <text x="85" y="43.5" fill="black" font-size="20">Now
            </text>
            <text x="140" y="43.5" fill="black" font-size="20">Max
                <tspan baseline-shift="super" font-size="17" dx="-3">24h</tspan>
            </text>
        </svg>

        <!-- UV Index -->
        <svg x="20" y="260" label="UV-index" text-anchor="middle">
            <image width="75" height="75" href="static/fill-svg-static/uv-index-moderate.svg" />
            <text x="100" y="45.5" font-size="30" fill="black">5
            </text>
            <text x="155" y="45.5" font-size="30" fill="black"
                font-style="normal">6
            </text>
        </svg>

        <!-- Wind Information -->
        <svg x="20" y="330" label="wind" text-anchor="middle">
            <text x="42.2" y="66.2" fill="black" font-size="15.1" text-anchor="middle">
                km/h
            </text>
            <image width="75" height="75" href="static/fill-svg-static/wind.svg" />
            <text x="100" y="45.5" font-size="30" fill="black">13
            </text>
            <text x="155" y="45.5" font-size="30" fill="black"
                font-style="italic">30
            </text>
        </svg>

        <!-- Relative Humidity -->
        <svg x="20" y="400" label="relative_humidity" text-anchor="middle">
            <image width="75" height="75" href="static/fill-svg-static/humidity-plus-plus.svg" />
            <text x="100" y="45.5" font-size="30" fill="black">71
            </text>
            <text x="155" y="45.5" font-size="30" fill="black"
                font-style="italic">85
            </text>
        </svg>
    </g>


    <!-- Forecast for the next 6 days -->
    <svg x="292" y="30">
        <text x="50" y="65" text-anchor="middle" font-size="20" fill="black">Mon</text>
        <image x="12" y="50" width="75" height="100" href="static/fill-svg-static/overcast-day.svg" />
        <text y="155" font-size="20" fill="black">
            <tspan x="52" text-anchor="end">15°</tspan>
            <tspan x="52" text-anchor="middle">|</tspan>
            <tspan x="52" text-anchor="start">11°</tspan>
        </text>
    </svg>

    <svg x="373" y="30">
        <text x="50" y="65" text-anchor="middle" font-size="20" fill="black">Tue</text>
        <image x="12" y="50" width="75" height="100" href="static/fill-svg-static/clear-day.svg" />
        <text y="155" font-size="20" fill="black">
            <tspan x="52" text-anchor="end">19°</tspan>
            <tspan x="52" text-anchor="middle">|</tspan>
            <tspan x="52" text-anchor="start">6°</tspan>
        </text>
    </svg>

    <svg x="454" y="30">
        <text x="50" y="65" text-anchor="middle" font-size="20" fill="black">Wed</text>
        <image x="12" y="50" width="75" height="100" href="static/fill-svg-static/clear-day.svg" />
        <text y="155" font-size="20" fill="black">
            <tspan x="52" text-anchor="end">21°</tspan>
            <tspan x="52" text-anchor="middle">|</tspan>
            <tspan x="52" text-anchor="start">8°</tspan>
        </text>
    </svg>

    <svg x="535" y="30">
        <text x="50" y="65" text-anchor="middle" font-size="20" fill="black">Thu</text>
        <image x="12" y="50" width="75" height="100" href="static/fill-svg-static/clear-day.svg" />
        <text y="155" font-size="20" fill="black">
            <tspan x="52" text-anchor="end">23°</tspan>
            <tspan x="52" text-anchor="middle">|</tspan>
            <tspan x="52" text-anchor="start">11°</tspan>
        </text>
    </svg>

    <svg x="616" y="30">
        <text x="50" y="65" text-anchor="middle" font-size="20" fill="black">Fri</text>
        <image x="12" y="50" width="75" height="100" href="static/fill-svg-static/overcast-day.svg" />
        <text y="155" font-size="20" fill="black">
            <tspan x="52" text-anchor="end">27°</tspan>
            <tspan x="52" text-anchor="middle">|</tspan>
            <tspan x="52" text-anchor="start">15°</tspan>
        </text>
    </svg>

    <svg x="697" y="30">
        <text x="50" y="65" text-anchor="middle" font-size="20" fill="black">Sat</text>
        <image x="12" y="50" width="75" height="100" href="static/fill-svg-static/partly-cloudy-day.svg" />
        <text y="155" font-size="20" fill="black">
            <tspan x="52" text-anchor="end">25°</tspan>
            <tspan x="52" text-anchor="middle">|</tspan>
            <tspan x="52" text-anchor="start">12°</tspan>
        </text>
    </svg>

    <!-- Graph for hourly forecast -->
    <svg x="220" y="160" width="560" height="350" viewBox="-50 0 690 300" preserveAspectRatio="xMidYMid meet"
        style="overflow: visible;">
        <path stroke="black" stroke-linejoin="round" stroke-width="2" d="M 0 300 L 600 300 M 0 295 L 0 305 M 100 295 L 100 305 M 200 295 L 200 305 M 300 295 L 300 305 M 400 295 L 400 305 M 500 295 L 500 305 M 600 295 L 600 305" fill="none" />
        <!-- X axis Guidelines -->
        <path stroke="black" stroke-linejoin="round" stroke-width="1" d="M 0 300 L 600 300 M 0 300 v -300 m 0 2 v -2 M 100 300 v -300 m 0 2 v -2 M 200 300 v -300 m 0 2 v -2 M 300 300 v -300 m 0 2 v -2 M 400 300 v -300 m 0 2 v -2 M 500 300 v -300 m 0 2 v -2 M 600 300 v -300 m 0 2 v -2" fill="none"
            stroke-dasharray="5,10" />
        <!-- X Labels -->
        <text x="0" y="320" fill="black" font-size="19" text-anchor="middle">11am</text><text x="100" y="320" fill="black" font-size="19" text-anchor="middle">3pm</text><text x="200" y="320" fill="black" font-size="19" text-anchor="middle">7pm</text><text x="300" y="320" fill="black" font-size="19" text-anchor="middle">11pm</text><text x="400" y="320" fill="black" font-size="19" text-anchor="middle">3am</text><text x="500" y="320" fill="black" font-size="19" text-anchor="middle">7am</text><text x="600" y="320" fill="black" font-size="19" text-anchor="middle">11am</text><line x1="325" y1="0" x2="325" y2="300" stroke="black" stroke-width="2" stroke-dasharray="3,3" />
                   <text x="335" y="170" fill="black" font-size="19" font-style="italic"  transform="rotate(-90, 305, 135)" text-anchor="start">Monday</text>
        <!-- Y Labels -->
        <text x="-10" y="300"  fill="black" font-size="35" text-anchor="end" dx="8" dy="4">5°</text><text x="-10" y="240"  fill="black" font-size="19" text-anchor="end" dx="8" dy="4">8.2°</text><text x="-10" y="180"  fill="black" font-size="19" text-anchor="end" dx="8" dy="4">11.4°</text><text x="-10" y="120"  fill="black" font-size="19" text-anchor="end" dx="8" dy="4">14.6°</text><text x="-10" y="60.000015"  fill="black" font-size="19" text-anchor="end" dx="8" dy="4">17.8°</text><text x="-10" y="0"  fill="black" font-size="35" text-anchor="end" dx="8" dy="4">21°</text>
        <!-- Y right Labels -->
        <text x="610" y="300" fill="black"  font-size="19" text-anchor="start" dy="4">0%</text><text x="610" y="240" fill="black"  font-size="19" text-anchor="start" dy="4">20%</text><text x="610" y="180" fill="black"  font-size="19" text-anchor="start" dy="4">40%</text><text x="610" y="120" fill="black"  font-size="19" text-anchor="start" dy="4">60%</text><text x="610" y="60" fill="black"  font-size="19" text-anchor="start" dy="4">80%</text><text x="610" y="0" fill="black"  font-size="19" text-anchor="start" dy="4">100%</text>
        <path stroke="red" stroke-linejoin="round" transform="translate(0, 300) scale(1, -1)"
            d="M 0.0000 262.5000C 34.7826 262.5000, 43.4783 259.3750, 52.1739 262.5000C 60.8696 265.6250, 69.5652 275.0000, 78.2609 281.2500C 86.9565 287.5000, 95.6522 296.8750, 104.3478 300.0000C 113.0435 303.1250, 121.7391 303.1250, 130.4348 300.0000C 139.1304 296.8750, 147.8261 287.5000, 156.5217 281.2500C 165.2174 275.0000, 173.9130 268.7500, 182.6087 262.5000C 191.3043 256.2500, 200.0000 250.0000, 208.6956 243.7500C 217.3913 237.5000, 226.0870 231.2500, 234.7826 225.0000C 243.4783 218.7500, 252.1739 212.5000, 260.8696 206.2500C 269.5652 200.0000, 278.2609 193.7500, 286.9565 187.5000C 295.6521 181.2500, 304.3478 171.8750, 313.0435 168.7500C 321.7391 165.6250, 330.4348 171.8750, 339.1304 168.7500C 347.8261 165.6250, 356.5217 156.2500, 365.2174 150.0000C 373.9131 143.7500, 382.6087 134.3750, 391.3044 131.2500C 400.0000 128.1250, 408.6956 134.3750, 417.3913 131.2500C 426.0869 128.1250, 434.7826 115.6250, 443.4782 112.5000C 452.1739 109.3750, 460.8696 112.5000, 469.5652 112.5000C 478.2609 112.5000, 486.9565 112.5000, 495.6522 112.5000C 504.3478 112.5000, 513.0435 112.5000, 521.7391 112.5000C 530.4348 112.5000, 539.1304 109.3750, 547.8260 112.5000C 556.5217 115.6250, 565.2173 125.0000, 573.9130 131.2500C 582.6086 137.5000, 595.6522 146.8750, 600.0000 150.0000" stroke-width="3.0" fill="none" />
        <path stroke="green" stroke-linejoin="round" stroke-dasharray="5,5"
            transform="translate(0, 300) scale(1, -1)" d="M 0.0000 228.1250C 34.7826 246.8750, 43.4783 240.6250, 52.1739 243.7500C 60.8696 246.8750, 69.5652 259.3750, 78.2609 262.5000C 86.9565 265.6250, 95.6522 262.5000, 104.3478 262.5000C 113.0435 262.5000, 121.7391 262.5000, 130.4348 262.5000C 139.1304 262.5000, 147.8261 268.7500, 156.5217 262.5000C 165.2174 256.2500, 173.9130 237.5000, 182.6087 225.0000C 191.3043 212.5000, 200.0000 193.7500, 208.6956 187.5000C 217.3913 181.2500, 226.0870 190.6250, 234.7826 187.5000C 243.4783 184.3750, 252.1739 175.0000, 260.8696 168.7500C 269.5652 162.5000, 278.2609 156.2500, 286.9565 150.0000C 295.6521 143.7500, 304.3478 140.6250, 313.0435 131.2500C 321.7391 121.8750, 330.4348 103.1250, 339.1304 93.7500C 347.8261 84.3750, 356.5217 81.2500, 365.2174 75.0000C 373.9131 68.7500, 382.6087 62.5000, 391.3044 56.2500C 400.0000 50.0000, 408.6956 43.7500, 417.3913 37.5000C 426.0869 31.2500, 434.7826 21.8750, 443.4782 18.7500C 452.1739 15.6250, 460.8696 21.8750, 469.5652 18.7500C 478.2609 15.6250, 486.9565 3.1250, 495.6522 0.0000C 504.3478 -3.1250, 513.0435 -3.1250, 521.7391 0.0000C 530.4348 3.1250, 539.1304 15.6250, 547.8260 18.7500C 556.5217 21.8750, 565.2173 15.6250, 573.9130 18.7500C 582.6086 21.8750, 595.6522 34.3750, 600.0000 37.5000" stroke-width="3.0" fill="none" />
        <path transform="translate(0, 300) scale(1, -1)" d="M 0.0000 180.0000L 26.086956 180L 52.173912 180L 78.260864 210L 104.347824 210L 130.43478 210L 156.52173 210L 182.60869 210L 208.69565 210L 234.78261 120L 260.86957 120L 286.9565 120L 313.04346 120L 339.13043 120L 365.21738 120L 391.30435 150L 417.3913 150L 443.47824 150L 469.56522 120L 495.65216 120L 521.73914 120L 547.82605 150L 573.913 150L 600 150 L 600 0 L 0 0Z" fill="blue"
            fill-opacity="25%" />
        <defs>
            <linearGradient id="UVGradient" gradientUnits="objectBoundingBox" x1="0%" y1="0%" x2="100%" y2="0%">
                <stop offset="0.00%" stop-color="yellow"/><stop offset="4.35%" stop-color="yellow"/><stop offset="8.70%" stop-color="yellow"/><stop offset="13.04%" stop-color="orange"/><stop offset="17.39%" stop-color="orange"/><stop offset="21.74%" stop-color="orange"/><stop offset="26.09%" stop-color="green"/><stop offset="30.43%" stop-color="green"/><stop offset="34.78%" stop-color="green"/><stop offset="39.13%" stop-color="white"/><stop offset="43.48%" stop-color="white"/><stop offset="47.83%" stop-color="white"/><stop offset="52.17%" stop-color="white"/><stop offset="56.52%" stop-color="white"/><stop offset="60.87%" stop-color="white"/><stop offset="65.22%" stop-color="white"/><stop offset="69.57%" stop-color="white"/><stop offset="73.91%" stop-color="white"/><stop offset="78.26%" stop-color="white"/><stop offset="82.61%" stop-color="white"/><stop offset="86.96%" stop-color="white"/><stop offset="91.30%" stop-color="green"/><stop offset="95.65%" stop-color="green"/><stop offset="100.00%" stop-color="green"/>
            </linearGradient>
        </defs>
        <rect x="0" y="-14" width="600" height="8" fill="url(#UVGradient)" />
        <path stroke="black" stroke-linejoin="round" stroke-width="2" d="M 0 300 L 600 300 M 0 295 L 0 305 M 100 295 L 100 305 M 200 295 L 200 305 M 300 295 L 300 305 M 400 295 L 400 305 M 500 295 L 500 305 M 600 295 L 600 305" fill="none" />
        <path stroke="red" stroke-linejoin="round" stroke-width="2" d="M 0 0 L 0 300 M -5 300 L 5 300 M -5 240 L 5 240 M -5 180 L 5 180 M -5 120 L 5 120 M -5 60.000015 L 5 60.000015 M -5 0 L 5 0" />
        <path stroke="blue" stroke-linejoin="round" stroke-width="3" d="M 600 0 L 600 300 M 595 300 L 605 300 M 595 240 L 605 240 M 595 180 L 605 180 M 595 120 L 605 120 M 595 60 L 605 60 M 595 0 L 605 0"
            fill="none" />
    </svg>
    <!-- These are needed render svg in browser/ide -->
    <style>
        @font-face {
            font-family: 'Roboto';
            src: url('static/fonts/Roboto-Regular.ttf') format('truetype');
        }

        @font-face {
            font-family: 'Roboto-Regular-Dashed';
            src: url('static/fonts/Roboto-Regular-Dashed.ttf') format('truetype');
        }

        .line {
            stroke: black;
            stroke-width: 2;
            stroke-linecap: round;
            stroke-linejoin: round;
        }
    </style>
</svg>
